// Jest Snapshot v1, https://goo.gl/fbAQLP

exports[`Modal Component renders correctly when open 1`] = `null`;
