// Jest Snapshot v1, https://goo.gl/fbAQLP

exports[`SearchBar Component renders correctly with initial props 1`] = `
<DocumentFragment>
  <div
    class="MuiBox-root css-18pzm0c"
  >
    <div
      class="MuiFormControl-root MuiFormControl-fullWidth MuiTextField-root css-u0wg97-MuiFormControl-root-MuiTextField-root"
      data-testid="search-bar-input"
    >
      <label
        class="MuiFormLabel-root MuiInputLabel-root MuiInputLabel-formControl MuiInputLabel-animated MuiInputLabel-sizeSmall MuiInputLabel-outlined MuiFormLabel-colorPrimary MuiInputLabel-root MuiInputLabel-formControl MuiInputLabel-animated MuiInputLabel-sizeSmall MuiInputLabel-outlined css-1kfabtt-MuiFormLabel-root-MuiInputLabel-root"
        data-shrink="false"
        for="«r0»"
        id="«r0»-label"
      >
        searchPlaceholder
      </label>
      <div
        class="MuiInputBase-root MuiOutlinedInput-root MuiInputBase-colorPrimary MuiInputBase-fullWidth MuiInputBase-formControl MuiInputBase-sizeSmall css-1blp12k-MuiInputBase-root-MuiOutlinedInput-root"
      >
        <input
          aria-invalid="false"
          class="MuiInputBase-input MuiOutlinedInput-input MuiInputBase-inputSizeSmall css-1pzfmz2-MuiInputBase-input-MuiOutlinedInput-input"
          id="«r0»"
          type="text"
          value=""
        />
        <fieldset
          aria-hidden="true"
          class="MuiOutlinedInput-notchedOutline css-1ll44ll-MuiOutlinedInput-notchedOutline"
        >
          <legend
            class="css-81qg8w"
          >
            <span>
              searchPlaceholder
            </span>
          </legend>
        </fieldset>
      </div>
    </div>
  </div>
</DocumentFragment>
`;
