// Jest Snapshot v1, https://goo.gl/fbAQLP

exports[`PhrasesGridWrapper Component renders grid with phrases correctly 1`] = `
<div
  class="MuiGrid-root MuiGrid-container MuiGrid-direction-xs-row MuiGrid-spacing-xs-2 css-xi2iqh-MuiGrid-root"
  data-testid="phrases-grid"
>
  <div
    class="MuiGrid-root MuiGrid-direction-xs-row css-17fpwt7-MuiGrid-root"
  >
    <div
      class="MuiPaper-root MuiPaper-elevation MuiPaper-rounded MuiPaper-elevation1 MuiCard-root css-152yur6-MuiPaper-root-MuiCard-root"
      style="--Paper-shadow: 0px 2px 1px -1px rgba(0,0,0,0.2),0px 1px 1px 0px rgba(0,0,0,0.14),0px 1px 3px 0px rgba(0,0,0,0.12);"
    >
      <div
        class="MuiBox-root css-oy3rny"
      >
        <svg
          aria-hidden="true"
          class="MuiSvgIcon-root MuiSvgIcon-fontSizeMedium css-fqlg31-MuiSvgIcon-root"
          data-testid="FormatQuoteIcon"
          focusable="false"
          viewBox="0 0 24 24"
        >
          <path
            d="M6 17h3l2-4V7H5v6h3zm8 0h3l2-4V7h-6v6h3z"
          />
        </svg>
      </div>
      <div
        class="MuiCardContent-root css-rnega1-MuiCardContent-root"
      >
        <p
          class="MuiTypography-root MuiTypography-body1 css-1salclq-MuiTypography-root"
        >
          Frase de prueba 1
        </p>
      </div>
      <button
        aria-label="Eliminar frase"
        class="MuiButtonBase-root MuiIconButton-root MuiIconButton-sizeMedium css-2wse5v-MuiButtonBase-root-MuiIconButton-root"
        tabindex="0"
        type="button"
      >
        <svg
          aria-hidden="true"
          class="MuiSvgIcon-root MuiSvgIcon-fontSizeSmall css-120dh41-MuiSvgIcon-root"
          data-testid="CloseIcon"
          focusable="false"
          viewBox="0 0 24 24"
        >
          <path
            d="M19 6.41 17.59 5 12 10.59 6.41 5 5 6.41 10.59 12 5 17.59 6.41 19 12 13.41 17.59 19 19 17.59 13.41 12z"
          />
        </svg>
      </button>
    </div>
  </div>
  <div
    class="MuiGrid-root MuiGrid-direction-xs-row css-17fpwt7-MuiGrid-root"
  >
    <div
      class="MuiPaper-root MuiPaper-elevation MuiPaper-rounded MuiPaper-elevation1 MuiCard-root css-152yur6-MuiPaper-root-MuiCard-root"
      style="--Paper-shadow: 0px 2px 1px -1px rgba(0,0,0,0.2),0px 1px 1px 0px rgba(0,0,0,0.14),0px 1px 3px 0px rgba(0,0,0,0.12);"
    >
      <div
        class="MuiBox-root css-oy3rny"
      >
        <svg
          aria-hidden="true"
          class="MuiSvgIcon-root MuiSvgIcon-fontSizeMedium css-fqlg31-MuiSvgIcon-root"
          data-testid="FormatQuoteIcon"
          focusable="false"
          viewBox="0 0 24 24"
        >
          <path
            d="M6 17h3l2-4V7H5v6h3zm8 0h3l2-4V7h-6v6h3z"
          />
        </svg>
      </div>
      <div
        class="MuiCardContent-root css-rnega1-MuiCardContent-root"
      >
        <p
          class="MuiTypography-root MuiTypography-body1 css-1salclq-MuiTypography-root"
        >
          Frase de prueba 2
        </p>
      </div>
      <button
        aria-label="Eliminar frase"
        class="MuiButtonBase-root MuiIconButton-root MuiIconButton-sizeMedium css-2wse5v-MuiButtonBase-root-MuiIconButton-root"
        tabindex="0"
        type="button"
      >
        <svg
          aria-hidden="true"
          class="MuiSvgIcon-root MuiSvgIcon-fontSizeSmall css-120dh41-MuiSvgIcon-root"
          data-testid="CloseIcon"
          focusable="false"
          viewBox="0 0 24 24"
        >
          <path
            d="M19 6.41 17.59 5 12 10.59 6.41 5 5 6.41 10.59 12 5 17.59 6.41 19 12 13.41 17.59 19 19 17.59 13.41 12z"
          />
        </svg>
      </button>
    </div>
  </div>
</div>
`;
